/**
 * ----------------------------------------------------------------------------
 * <auto-generated>
 * This is autogenerated code by Embeddinator-4000.
 * Do not edit this file or all your changes will be lost after re-generation.
 * </auto-generated>
 * ----------------------------------------------------------------------------
 */
package hello_dll.example;

import mono.embeddinator.*;
import com.sun.jna.*;

public class HELLO {
    public com.sun.jna.Pointer __object;

    public HELLO(com.sun.jna.Pointer object) { this.__object = object; }

    public HELLO() {
        __object = hello_dll.Native_hello_dll.INSTANCE.Example_HELLO_new();
        mono.embeddinator.Runtime.checkExceptions();
    }

    public String wORLD() {
        String __ret = hello_dll.Native_hello_dll.INSTANCE.Example_HELLO_WORLD(__object);
        mono.embeddinator.Runtime.checkExceptions();
        return __ret;
    }
}
