hello_dll/example/Hello.java
hello_dll/Native_hello_dll.java
