META-INF/
META-INF/MANIFEST.MF
AndroidManifest.xml
assets/
assets/assemblies/
assets/assemblies/hello.dll
assets/assemblies/Java.Interop.dll
assets/assemblies/Mono.Android.dll
assets/assemblies/Mono.Android.Export.dll
assets/assemblies/Mono.Security.dll
assets/assemblies/mscorlib.dll
assets/assemblies/Resource.designer.dll
assets/assemblies/System.Core.dll
assets/assemblies/System.dll
assets/assemblies/System.Runtime.Serialization.dll
assets/assemblies/System.Xml.dll
classes.jar
jni/
jni/arm64-v8a/
jni/arm64-v8a/libhello.so
jni/arm64-v8a/libjnidispatch.so
jni/arm64-v8a/libmonodroid.so
jni/arm64-v8a/libmonosgen-2.0.so
jni/arm64-v8a/libtest.so
jni/armeabi/
jni/armeabi/libhello.so
jni/armeabi/libjnidispatch.so
jni/armeabi/libmonodroid.so
jni/armeabi/libmonosgen-2.0.so
jni/armeabi/libtest.so
jni/armeabi-v7a/
jni/armeabi-v7a/libhello.so
jni/armeabi-v7a/libjnidispatch.so
jni/armeabi-v7a/libmonodroid.so
jni/armeabi-v7a/libmonosgen-2.0.so
jni/armeabi-v7a/libtest.so
jni/x86/
jni/x86/libhello.so
jni/x86/libjnidispatch.so
jni/x86/libmonodroid.so
jni/x86/libmonosgen-2.0.so
jni/x86/libtest.so
jni/x86_64/
jni/x86_64/libhello.so
jni/x86_64/libjnidispatch.so
jni/x86_64/libmonodroid.so
jni/x86_64/libmonosgen-2.0.so
jni/x86_64/libtest.so
