//------------------------------------------------------------------------------
// <auto-generated>
//     This code was generated by a tool.
//     Runtime Version:4.0.30319.42000
//
//     Changes to this file may cause incorrect behavior and will be lost if
//     the code is regenerated.
// </auto-generated>
//------------------------------------------------------------------------------

[assembly: Android.Runtime.ResourceDesignerAttribute("__embeddinator__.Resource", IsApplication=true)]

namespace @__embeddinator__ {
    using System;
    using Android.Runtime;
    
    
    [System.CodeDom.Compiler.GeneratedCodeAttribute("Xamarin.Android.Build.Tasks", "1.0.0.0")]
    public class Resource {
        
        private static Int32 ReadFieldInt(IntPtr R, String fieldName) {
            IntPtr fieldId = JNIEnv.GetStaticFieldID(R, fieldName, "I");
            return JNIEnv.GetStaticIntField(R, fieldId);
        }
        
        private static Int32[] ReadFieldArray(IntPtr R, String fieldName) {
            IntPtr fieldId = JNIEnv.GetStaticFieldID(R, fieldName, "[I");
            IntPtr value = JNIEnv.GetStaticObjectField(R, fieldId);
            return JNIEnv.GetArray<Int32>(value);
        }
        
        public static void UpdateIdValues() {
            IntPtr R;
            R = JNIEnv.FindClass("com.mono.embeddinator.R$attr");
            managedandroid.Resource.Attribute.hello = ReadFieldInt(R, "hello");
            R = JNIEnv.FindClass("com.mono.embeddinator.R$id");
            managedandroid.Resource.Id.text = ReadFieldInt(R, "text");
            R = JNIEnv.FindClass("com.mono.embeddinator.R$layout");
            managedandroid.Resource.Layout.hello = ReadFieldInt(R, "hello");
        }
    }
}
